
=== 2026-07-02 audit-flag resolution batch 1 (user-directed) ===
RECLASS Calm Company Fund    class Nimble->Permanent, band Nimble->Permanent
RECLASS 4D Ventures          class Nimble->Permanent, band Permanent->Permanent
RECLASS Malpani Ventures     class Nimble->Permanent, band Permanent->Permanent
DELETE SaaSholic: removed 1 row(s)

=== 2026-07-02 batch 2: RBF + Pemba -> Under Review ===
UNDER REVIEW Bigfoot Capital    (was Nimble) note=revenue-based lender
UNDER REVIEW Lighter Capital    (was Nimble) note=revenue-based lender
UNDER REVIEW TIMIA Capital      (was Nimble) note=revenue-based lender
UNDER REVIEW Pemba              (was SMV) note=borderline camels-not-unicorns blog

# Comprehensive per-entity audit merge 2026-07-02
2026-07-02 full-audit pemba-capital: exit_quote refreshed (live-verified) [src: https://pemba.com.au/hunt-camels-rather-than-unicorns/]
2026-07-02 full-audit calm-company-fund: exit_quote refreshed (live-verified) [src: https://calmfund.com/]
2026-07-02 full-audit 4d-ventures: exit_quote refreshed (live-verified) [src: https://www.4d.ventures/investment-thesis]
2026-07-02 full-audit buentrip-ventures: exit_quote refreshed (live-verified) [src: https://www.buentrip.vc/blog/navigatingventurecapital]
2026-07-02 full-audit buyback-ventures: band Unknown -> Nimble [src: https://buyback.vc/]
2026-07-02 full-audit buyback-ventures: horizon (blank) -> 5+ [src: https://buyback.vc/]
2026-07-02 full-audit buyback-ventures: exit_quote refreshed (live-verified) [src: https://buyback.vc/]
2026-07-02 full-audit golden-section: exit_quote refreshed (live-verified) [src: https://www.goldensection.com/]
2026-07-02 full-audit gorilla-capital: exit_quote refreshed (live-verified) [src: https://gorillacapital.fi/]
2026-07-02 full-audit tinyseed: band Unknown -> Nimble [src: https://tinyseed.com/]
2026-07-02 full-audit tinyseed: exit_quote refreshed (live-verified) [src: https://tinyseed.com/]
2026-07-02 full-audit upsidedown-vc: band Unknown -> Nimble [src: https://www.upsidedown.vc/]
2026-07-02 full-audit upsidedown-vc: horizon (blank) -> 5 [src: https://www.upsidedown.vc/]
2026-07-02 full-audit upsidedown-vc: exit_quote refreshed (live-verified) [src: https://www.upsidedown.vc/]
2026-07-02 full-audit alexandria-capital: exit_quote refreshed (live-verified) [src: https://alexcapital.co/]
2026-07-02 full-audit banyan-software: exit_quote refreshed (live-verified) [src: https://www.banyansoftware.com/about]
2026-07-02 full-audit big-band-software: band Unknown -> Permanent [src: https://www.bigbandsoftware.com/]
2026-07-02 full-audit big-band-software: exit_quote refreshed (live-verified) [src: https://www.bigbandsoftware.com/]
2026-07-02 full-audit calm-capital: band Unknown -> Permanent [src: https://www.calmcapital.com/]
2026-07-02 full-audit calm-capital: exit_quote refreshed (live-verified) [src: https://www.calmcapital.com/]
2026-07-02 full-audit collab-holdings: band Unknown -> Permanent [src: https://collabfund.com/blog/collab-holdings/]
2026-07-02 full-audit collab-holdings: exit_quote refreshed (live-verified) [src: https://collabfund.com/blog/collab-holdings/]
2026-07-02 full-audit collab-holdings: tech_enabled review -> no [src: https://collabfund.com/blog/collab-holdings/]
2026-07-02 full-audit concepts-io: exit_quote refreshed (live-verified) [src: https://concepts.io/]
2026-07-02 full-audit croissant: band Unknown -> Permanent [src: https://croissant.today/]
2026-07-02 full-audit croissant: exit_quote refreshed (live-verified) [src: https://croissant.today/]
2026-07-02 full-audit curious: band Unknown -> Permanent [src: https://www.curiousholdings.com/]
2026-07-02 full-audit curious: exit_quote refreshed (live-verified) [src: https://www.curiousholdings.com/]
2026-07-02 full-audit define-capital: exit_quote refreshed (live-verified) [src: https://definecapital.ca/]
2026-07-02 full-audit emikoly: tech_enabled review -> no [src: n/a]
2026-07-02 full-audit enduring-ventures: exit_quote refreshed (live-verified) [src: https://www.enduring.ventures/about]
2026-07-02 full-audit everfield: exit_quote refreshed (live-verified) [src: https://everfield.com/]
2026-07-02 full-audit evergreen-ftg: exit_quote refreshed (live-verified) [src: https://evergreenftg.com/]
2026-07-02 full-audit evergreen-services-group: exit_quote refreshed (live-verified) [src: https://www.evergreensg.com/]
2026-07-02 full-audit everhold: exit_quote refreshed (live-verified) [src: https://www.everhold.com/]
2026-07-02 full-audit evermore-ventures: band Unknown -> Permanent [src: https://evermore-ventures.com/]
2026-07-02 full-audit evermore-ventures: exit_quote refreshed (live-verified) [src: https://evermore-ventures.com/]
2026-07-02 full-audit everroost: band Unknown -> Permanent [src: https://everroost.com/]
2026-07-02 full-audit everroost: exit_quote refreshed (live-verified) [src: https://everroost.com/]
2026-07-02 full-audit evigrow-software: band Unknown -> Permanent [src: https://www.evigrowsoftware.com/about]
2026-07-02 full-audit evigrow-software: exit_quote refreshed (live-verified) [src: https://www.evigrowsoftware.com/about]
2026-07-02 full-audit exa-capital: exit_quote refreshed (live-verified) [src: https://exacapital.co/our-private-equity-acquisition-approach/]
2026-07-02 full-audit flying-founders: exit_quote refreshed (live-verified) [src: https://www.flyingfounders.com/]
2026-07-02 full-audit gsg-genii: band Unknown -> Permanent [src: https://gsg-genii.com/en/]
2026-07-02 full-audit gsg-genii: exit_quote refreshed (live-verified) [src: https://gsg-genii.com/en/]
2026-07-02 full-audit heqs-investments: exit_quote refreshed (live-verified) [src: https://www.heqs.com.au/investments]
2026-07-02 full-audit inversion-capital: exit_quote refreshed (live-verified) [src: https://www.inversioncap.com/]
2026-07-02 full-audit jonas-software: exit_quote refreshed (live-verified) [src: https://jonassoftware.com/being-acquired]
2026-07-02 full-audit kastellet-holdings: band Unknown -> Permanent [src: https://www.kastholdings.com/]
2026-07-02 full-audit kastellet-holdings: exit_quote refreshed (live-verified) [src: https://www.kastholdings.com/]
2026-07-02 full-audit kastellet-holdings: tech_enabled flagged-pending -> no [src: https://www.kastholdings.com/]
2026-07-02 full-audit leo-software-group: exit_quote refreshed (live-verified) [src: https://www.leosoftwaregroup.com/]
2026-07-02 full-audit long-tail-ventures: band Unknown -> Permanent [src: https://ltv.so/]
2026-07-02 full-audit long-tail-ventures: exit_quote refreshed (live-verified) [src: https://ltv.so/]
2026-07-02 full-audit mosaic-software-group: exit_quote refreshed (live-verified) [src: https://www.mosaicsoftwaregroup.com/]
2026-07-02 full-audit permanent-corp: exit_quote refreshed (live-verified) [src: https://permanentcorp.com/]
2026-07-02 full-audit permanent-equity: horizon (blank) -> 30 [src: https://www.permanentequity.com/]
2026-07-02 full-audit permanent-equity: exit_quote refreshed (live-verified) [src: https://www.permanentequity.com/]
2026-07-02 full-audit quadra-group: exit_quote refreshed (live-verified) [src: https://www.quadragroup.co.uk/]
2026-07-02 full-audit rainmatter: exit_quote refreshed (live-verified) [src: https://zerodha.com/z-connect/rainmatter/rainmatter-perennial-investments]
2026-07-02 full-audit shop-circle: band Unknown -> Permanent [src: https://shopcircle.co/]
2026-07-02 full-audit shop-circle: exit_quote refreshed (live-verified) [src: https://shopcircle.co/]
2026-07-02 full-audit sidenote: exit_quote refreshed (live-verified) [src: https://sidenotehq.com/]
2026-07-02 full-audit software-combined: band Unknown -> Permanent [src: https://softwarecombined.com/]
2026-07-02 full-audit software-combined: exit_quote refreshed (live-verified) [src: https://softwarecombined.com/]
2026-07-02 full-audit solen-software-group: exit_quote refreshed (live-verified) [src: https://www.solensoftwaregroup.com/why-solen]
2026-07-02 full-audit sureswift-capital: band Unknown -> Permanent [src: https://www.sureswiftcapital.com/blog/the-sureswift-model]
2026-07-02 full-audit sureswift-capital: exit_quote refreshed (live-verified) [src: https://www.sureswiftcapital.com/blog/the-sureswift-model]
2026-07-02 full-audit tag-software-group: exit_quote refreshed (live-verified) [src: https://www.tagsoftwaregroup.com/]
2026-07-02 full-audit teoh-capital: exit_quote refreshed (live-verified) [src: https://teohcapital.com/]
2026-07-02 full-audit tiny: band Nimble -> Permanent (high-conf quote) [src: https://www.tiny.com/]
2026-07-02 full-audit tiny: horizon 4 -> decades [src: https://www.tiny.com/]
2026-07-02 full-audit tiny: exit_quote refreshed (live-verified) [src: https://www.tiny.com/]
2026-07-02 full-audit upliift: exit_quote refreshed (live-verified) [src: https://upliift.com/]
2026-07-02 full-audit waverock-software: band Unknown -> Permanent [src: https://waverocksoftware.com/]
2026-07-02 full-audit waverock-software: exit_quote refreshed (live-verified) [src: https://waverocksoftware.com/]
2026-07-02 full-audit bridges-evergreen: exit_quote refreshed (live-verified) [src: https://www.bridgesfundmanagement.com/2016/12/07/bridges-launches-new-evergreen-permanent-capital-vehicle-mission-led-businesses/]
2026-07-02 full-audit lasting-ventures-capital: exit_quote refreshed (live-verified) [src: https://lastingventures.capital/]
2026-07-02 full-audit malpani-ventures: exit_quote refreshed (live-verified) [src: https://www.malpaniventures.com/blog/a-quiet-reorientation]
2026-07-02 full-audit purpose-evergreen-capital: horizon (blank) -> 8-13 [src: https://purpose-economy.org/en/pec/]
2026-07-02 full-audit purpose-evergreen-capital: exit_quote refreshed (live-verified) [src: https://purpose-economy.org/en/pec/]
2026-07-02 full-audit purpose-ventures: exit_quote refreshed (live-verified) [src: https://purpose-economy.org/en/investment/]
2026-07-02 full-audit software-circle: band Unknown -> Permanent [src: https://softwarecircle.com/]
2026-07-02 full-audit software-circle: exit_quote refreshed (live-verified) [src: https://softwarecircle.com/]
2026-07-02 full-audit 5x-capital: band Unknown -> Permanent [src: https://fivexcapital.com/]
2026-07-02 full-audit 5x-capital: exit_quote refreshed (live-verified) [src: https://fivexcapital.com/]
2026-07-02 full-audit ascendant-ventures: tech_enabled review -> no [src: https://ascendantventures.com/]
2026-07-02 full-audit perpetuity-project: band Unknown -> Permanent [src: https://www.theperpetuityproject.com/]
2026-07-02 full-audit perpetuity-project: exit_quote refreshed (live-verified) [src: https://www.theperpetuityproject.com/]
2026-07-02 full-audit perpetuity-project: tech_enabled flagged-pending -> no [src: https://www.theperpetuityproject.com/]
2026-07-02 full-audit zebras-and-company: exit_quote refreshed (live-verified) [src: https://www.zebrasand.co.jp/en/]
2026-07-02 full-audit noosa-labs: exit_quote refreshed (live-verified) [src: https://noosalabs.com]
2026-07-02 full-audit arising-ventures: band Unknown -> Permanent [src: https://www.arisingventures.com]
2026-07-02 full-audit arising-ventures: exit_quote refreshed (live-verified) [src: https://www.arisingventures.com]
2026-07-02 full-audit tvc-capital: band Unknown -> SMV [src: https://tvccapital.com/]
2026-07-02 full-audit tvc-capital: exit_quote refreshed (live-verified) [src: https://tvccapital.com/]
2026-07-02 full-audit expedition-growth-capital: band Unknown -> SMV [src: https://expedition.capital/]
2026-07-02 full-audit invictus-growth: band Unknown -> SMV [src: https://www.invictusgrowth.com/]
2026-07-02 full-audit updata-partners: exit_quote refreshed (live-verified) [src: https://updata.com/]
2026-07-02 full-audit apex-point-equity: exit_quote refreshed (live-verified) [src: https://apexpointequity.com]
2026-07-02 full-audit long-holding-company: band Unknown -> Permanent [src: https://www.longholdco.com/]
2026-07-02 full-audit long-holding-company: exit_quote refreshed (live-verified) [src: https://www.longholdco.com/]
2026-07-02 full-audit beacon-software: band Unknown -> Permanent [src: https://beaconsoftware.com/]
2026-07-02 full-audit beacon-software: exit_quote refreshed (live-verified) [src: https://beaconsoftware.com/]
2026-07-02 full-audit penntech-holdings: band Unknown -> Permanent [src: https://www.penn-tech.com/]
2026-07-02 full-audit penntech-holdings: exit_quote refreshed (live-verified) [src: https://www.penn-tech.com/]
2026-07-02 full-audit workhorse-capital: band Unknown -> SMV [src: https://workhorsegrowth.com/]
2026-07-02 full-audit tangle-ventures: band Unknown -> Permanent [src: https://tangleventures.io/]
2026-07-02 full-audit tangle-ventures: exit_quote refreshed (live-verified) [src: https://tangleventures.io/]
2026-07-02 full-audit tatonic-ventures: exit_quote refreshed (live-verified) [src: https://www.tatonic.net/]
2026-07-02 full-audit acadian-software: exit_quote refreshed (live-verified) [src: https://www.acadiansoftware.com/]
2026-07-02 full-audit noygear: exit_quote refreshed (live-verified) [src: https://noygear.ai/]
2026-07-02 full-audit skoyen-software: exit_quote refreshed (live-verified) [src: https://skoyensoftware.com/]
2026-07-02 full-audit gearbox-capital: band Unicorn -> SMV [src: https://www.gearboxcap.com/]
2026-07-02 full-audit gearbox-capital: exit_quote refreshed (live-verified) [src: https://www.gearboxcap.com/]
2026-07-02 full-audit recur-software: band Unknown -> Permanent [src: https://www.recursoftware.com/]
2026-07-02 full-audit recur-software: exit_quote refreshed (live-verified) [src: https://www.recursoftware.com/]
2026-07-02 full-audit govsoft-holdings: band Studio -> Permanent (high-conf quote) [src: https://www.govsoftholdings.com]
2026-07-02 full-audit govsoft-holdings: horizon (blank) -> decades [src: https://www.govsoftholdings.com]
2026-07-02 full-audit govsoft-holdings: exit_quote refreshed (live-verified) [src: https://www.govsoftholdings.com]
2026-07-02 full-audit raptor-collective: exit_quote refreshed (live-verified) [src: https://www.raptorcollective.com/]
2026-07-02 full-audit pender-software-holdings: exit_quote refreshed (live-verified) [src: https://pendersoftwareholdings.com/]
2026-07-02 full-audit software-holdings-au: band Unknown -> Permanent [src: https://www.softwareholdings.com.au/]
2026-07-02 full-audit software-holdings-au: exit_quote refreshed (live-verified) [src: https://www.softwareholdings.com.au/]
2026-07-02 full-audit sacramento-labs: band Studio -> Permanent (high-conf quote) [src: https://sacramentolabs.com/our-philosophy/]
2026-07-02 full-audit sacramento-labs: horizon (blank) -> decades [src: https://sacramentolabs.com/our-philosophy/]
2026-07-02 full-audit sacramento-labs: exit_quote refreshed (live-verified) [src: https://sacramentolabs.com/our-philosophy/]
2026-07-02 full-audit waythor: horizon (blank) -> decades [src: https://waythor.com/]
2026-07-02 full-audit waythor: exit_quote refreshed (live-verified) [src: https://waythor.com/]
2026-07-02 full-audit brooks-keitt: horizon (blank) -> decades [src: https://brookskeitt.com/]
2026-07-02 full-audit brooks-keitt: exit_quote refreshed (live-verified) [src: https://brookskeitt.com/]
2026-07-02 full-audit peakspan-capital: band Unicorn -> SMV [src: https://www.peakspancapital.com/why-peakspan]
2026-07-02 full-audit peakspan-capital: exit_quote refreshed (live-verified) [src: https://www.peakspancapital.com/why-peakspan]
2026-07-02 full-audit finis-ventures: exit_quote refreshed (live-verified) [src: https://finis.ventures/]
2026-07-02 full-audit lojik-labs: band Unknown -> Studio [src: https://wearelojik.com/]
2026-07-02 full-audit sprinter-studio: band (blank) -> Studio [src: https://sprinter.studio/]
2026-07-02 full-audit tolomato: asset_class Studio -> Permanent [src: https://tolomato.com/]
2026-07-02 full-audit tolomato: band (blank) -> Permanent [src: https://tolomato.com/]
2026-07-02 full-audit tolomato: horizon (blank) -> decades [src: https://tolomato.com/]
2026-07-02 full-audit tolomato: exit_quote refreshed (live-verified) [src: https://tolomato.com/]
2026-07-02 full-audit rhino-impact-fund: exit_quote refreshed (live-verified) [src: https://rhino.investments/]
2026-07-02 full-audit round2-capital-partners: asset_class Nimble -> Under Review [src: https://round2cap.com/]
2026-07-02 full-audit cypress-growth-capital: asset_class Nimble -> Under Review [src: https://www.cypressgrowthcapital.com/growth-capital/investment-focus]
2026-07-02 full-audit cypress-growth-capital: exit_quote refreshed (live-verified) [src: https://www.cypressgrowthcapital.com/growth-capital/investment-focus]
2026-07-02 full-audit upright-capital: asset_class SMV -> Permanent [src: https://upright.capital/]
2026-07-02 full-audit upright-capital: band (blank) -> Permanent [src: https://upright.capital/]
2026-07-02 full-audit upright-capital: horizon (blank) -> decades [src: https://upright.capital/]
2026-07-02 full-audit upright-capital: exit_quote refreshed (live-verified) [src: https://upright.capital/]
2026-07-02 full-audit sandbox-ventures: band (blank) -> Studio [src: https://www.sandbox.ventures/]
2026-07-02 full-audit kiko-ventures: band (blank) -> Permanent [src: https://kiko.vc/]
2026-07-02 full-audit kiko-ventures: exit_quote refreshed (live-verified) [src: https://kiko.vc/]
2026-07-02 full-audit blue-footed-investments: band (blank) -> Permanent [src: https://bluefootedinvestments.com/]
2026-07-02 full-audit blue-footed-investments: horizon (blank) -> decade [src: https://bluefootedinvestments.com/]
2026-07-02 full-audit blue-footed-investments: exit_quote refreshed (live-verified) [src: https://bluefootedinvestments.com/]
2026-07-02 full-audit inverse-collective: band (blank) -> Permanent [src: https://www.inversecollective.com/]
2026-07-02 full-audit inverse-collective: horizon (blank) -> decades [src: https://www.inversecollective.com/]
2026-07-02 full-audit inverse-collective: exit_quote refreshed (live-verified) [src: https://www.inversecollective.com/]
2026-07-02 full-audit inverse-collective: flag cleared (high-confidence confirm) [src: https://www.inversecollective.com/]
2026-07-02 full-audit enough-ventures: exit_quote refreshed (live-verified) [src: https://www.enoughvc.com/about]
2026-07-02 full-audit soch-holdings: band (blank) -> Permanent [src: https://sochholdings.com/]
2026-07-02 full-audit soch-holdings: horizon (blank) -> 10-20 [src: https://sochholdings.com/]
2026-07-02 full-audit soch-holdings: exit_quote refreshed (live-verified) [src: https://sochholdings.com/]
2026-07-02 full-audit perpetun: band (blank) -> Permanent [src: https://perpetun.com/assets/index-CFKV8C0M.js]
2026-07-02 full-audit perpetun: horizon (blank) -> 10+ [src: https://perpetun.com/assets/index-CFKV8C0M.js]
2026-07-02 full-audit perpetun: exit_quote refreshed (live-verified) [src: https://perpetun.com/assets/index-CFKV8C0M.js]
2026-07-02 full-audit sequel-capital: exit_quote refreshed (live-verified) [src: https://www.sequel-capital.com/]
2026-07-02 full-audit ascendx-ventures: exit_quote refreshed (live-verified) [src: https://ascendx.ventures/]
2026-07-02 full-audit ltv-saas-fund: exit_quote refreshed (live-verified) [src: https://ltv.fund/]
2026-07-02 full-audit redbud-vc: exit_quote refreshed (live-verified) [src: https://redbud.beehiiv.com/p/liquid-future-nimble-vcs-have-a-liquidity-advantage]
2026-07-02 full-audit the2410: exit_quote refreshed (live-verified) [src: https://2410.ee/en/service/invest-in-saas]
2026-07-02 full-audit mirai-ventures: exit_quote refreshed (live-verified) [src: https://miraiventures.substack.com/p/how-mirai-ventures-delivers-superior]
2026-07-02 full-audit favcy-bts: exit_quote refreshed (live-verified) [src: https://indianstartupnews.com/funding/favcy-venture-builders-raises-rs-1-8-crore-6900251]
2026-07-02 full-audit cocreatd: exit_quote refreshed (live-verified) [src: https://www.cocreatd.com/]

# Owner classification rulings 2026-07-02 post-merge
2026-07-02 owner-ruling round2-capital-partners: removed from atlas; owner could not find sufficient specific evidence [src: https://round2cap.com/]
2026-07-02 owner-ruling cypress-growth-capital: ('Under Review', '', 'verified', 'high', 'revenue_based_lender: under review per owner rule when repayment/debt, not company exit, is the return mechanism.') -> ('SMV', 'SMV', 'in_disguise', 'med', '') [src: https://www.cypressgrowthcapital.com/growth-capital/investment-focus]
2026-07-02 owner-ruling upright-capital: ('Permanent', 'Permanent', 'verified', 'high', '') -> ('SMV', 'SMV', 'in_disguise', 'med', '') [src: https://upright.capital/]
2026-07-02 owner-ruling movens-capital: ('SMV', '', 'in_disguise', 'med', 'traditional_vc: tech allocator, but not post-unicorn; held as proposal because exclusion is a taxonomy judgment.') -> ('SMV', 'SMV', 'in_disguise', 'med', '') [src: https://movenscapital.com/]

# Liquidity evidence URL backfill 2026-07-03
2026-07-03 schema: added liquidity_evidence_url and liquidity_evidence_note to atlas.csv; backfilled 29 horizon-bearing rows from audit exit_quote_url/source/homepage fallback.
2026-07-03 liquidity-evidence edited-capital: homepage fallback retained because prior 7-year quote was hand-verified from own homepage/Exa markdown but not relocated in 2026-07-02 audit; audit_flag remains review warning.
2026-07-03 liquidity-evidence edited-capital: replaced homepage fallback with official Fund III page; quote now cites Fund Term: 7 years and target returns; stale not-relocated warning narrowed to control-buyout review sensitivity. [src: https://editedcapital.com/fund-iii/]

# Horizon-first discovery additions 2026-07-03
2026-07-03 horizon-first added twenty-north-street: Nimble, 3-5y, official homepage liquidity evidence; passed Santa source-validity and taxonomy review. [src: https://www.20northstreet.se/]
2026-07-03 horizon-first added agile-angel-partners: Nimble, 3-5y, official homepage liquidity evidence; passed Santa source-validity and taxonomy review. [src: https://www.agileangelpartners.com/]
2026-07-03 horizon-first added true-wealth-ventures: Nimble, 3-5y, official about page liquidity evidence; passed Santa source-validity and taxonomy review. [src: https://truewealthvc.com/about/]
2026-07-03 horizon-first added fiftyfive-capital: Nimble, 2-3y, official secondary-fund liquidity evidence; direct-secondary strategy flagged review-sensitive. [src: https://fiftyfive-capital.com/?page_id=7082]
2026-07-03 horizon-first added flashpoint-direct-secondary: Nimble, 4-5y, official direct-secondary liquidity evidence; direct-secondary strategy flagged review-sensitive. [src: https://flashpoint.capital/products/direct-secondary]
2026-07-03 horizon-first added northern-michigan-angels: Nimble, 3-5y, official pitch criteria liquidity evidence; broad regional angel group flagged review-sensitive. [src: https://northernmichiganangels.com/pitch/]
2026-07-03 horizon-first held/rejected other surfaced leads that failed one or both Santa checks, including ehe-venture-studio, eva-invests, z9-ventures, tachles-vc, webstreet, venturesouth, idea-fund-la-crosse, jsw-ventures, long-run-capital, getvantage, klub, and neycha. [src: docs/research/horizon_first_discovery_2026-07-03.md]
2026-07-03 horizon-first link-correction: separated homepage website links from liquidity evidence links for true-wealth-ventures, flashpoint-direct-secondary, and northern-michigan-angels.

# Strict Nimble discovery batch 1 2026-07-03
2026-07-03 strict-nimble added angel-venture-forum: Nimble, 3-5y, official pitch criteria; passed Santa source-validity and taxonomy review. [src: http://www.angelventureforum.com/id16.html]
2026-07-03 strict-nimble added boston-harbor-angels: Nimble, 4-5y, official pitch criteria; passed Santa source-validity and taxonomy review. [src: https://www.bostonharborangels.com/entrepreneurs]
2026-07-03 strict-nimble added wasala-venture-studio: Nimble, 3-5y, homepage; passed Santa source-validity and taxonomy review. [src: https://wasala.fi/]
2026-07-03 strict-nimble added highline-beta: Nimble, 3-5y, official strategy page; passed Santa source-validity and taxonomy review. [src: https://www.highlinebeta.com/blog/why-exits-define-studio-success]
2026-07-03 strict-nimble added nobody-studios: Nimble, 1-3y, official strategy page; passed Santa source-validity and taxonomy review. [src: https://nobodystudios.com/2026/02/23/the-venture-studio-advantage-a-new-model-for-ai-investing/]

# Strict Nimble batch 1 correction 2026-07-03
2026-07-03 strict-nimble correction removed angel-venture-forum: removed from Nimble: prior acceptance relied on angel pitch criteria/expected ROI framing; stricter rule requires entity-level company/stake liquidity thesis. [src: http://www.angelventureforum.com/id16.html]
2026-07-03 strict-nimble correction removed boston-harbor-angels: removed from Nimble: timing is framed as member return/exit-strategy criteria, not a clean company/stake liquidity horizon. [src: https://www.bostonharborangels.com/entrepreneurs]

# Strict Nimble batch 1 fill 2026-07-03
2026-07-03 strict-nimble quote-normalized wasala-venture-studio: retained as Nimble after re-audit; normalized mojibake dash in exit quote to ASCII 3-5 while preserving the source horizon. [src: https://wasala.fi/]
2026-07-03 strict-nimble quote-normalized nobody-studios: retained as Nimble after re-audit; normalized mojibake dash in acquisition-pathway quote to ASCII 12-36 while preserving the source horizon. [src: https://nobodystudios.com/2026/02/23/the-venture-studio-advantage-a-new-model-for-ai-investing/]
2026-07-03 strict-nimble added relentless: Nimble, 2-3y, official strategy page; passed Santa source-validity and taxonomy review. [src: https://www.berelentless.com/we-sell-companies]
2026-07-03 strict-nimble added cityside-ventures: Nimble, 3-5y, official pitch criteria; passed Santa source-validity and taxonomy review. [src: https://citysidevc.com/investment-mindset/]

# Strict Nimble batch 2 2026-07-03
2026-07-03 strict-nimble added pixelsky-capital: Nimble, 4y, homepage; passed Santa source-validity and taxonomy review. [src: https://www.pixelskycapital.com/]
2026-07-03 strict-nimble added siena-secondary-fund: Nimble, 3-5y, credible interview; passed Santa source-validity and taxonomy review. [src: https://meetsemper.substack.com/p/secondary-explorations-by-semper]
2026-07-03 strict-nimble added z9-ventures: Nimble, 3-5y, homepage; passed Santa source-validity and taxonomy review. [src: https://z9ventures.com/]
2026-07-03 strict-nimble added neo-secondaries-fund: Nimble, 2-4y, credible interview; passed Santa source-validity and taxonomy review. [src: https://pmsbazaar.com/News/Neo-Alternative-Asset-Managers-Pvt-Ltd/Neo_Asset_Management_Achieves_First_Close_for_Its_Neo_Secondaries_Fund]

# Strict Nimble batch 3 2026-07-03
2026-07-03 strict-nimble added white-whale-secondaries-fund: Nimble, 1.5-3y, credible interview; passed Santa source-validity and taxonomy review. [src: https://inc42.com/buzz/white-whale-gets-sebi-nod-for-inr-250-cr-secondaries-fund/]
2026-07-03 strict-nimble added tachles-vc: Nimble, 3-5y, official strategy page; passed Santa source-validity and taxonomy review. [src: https://tachlesvc.com/investors/individuals-liquidity]
2026-07-03 strict-nimble added calculus-vct: Nimble, 3-5y, official strategy page; passed Santa source-validity and taxonomy review. [src: https://calculuscapital.com/cms/media/Calculus-VCT-Prospectus-25-26.pdf]
